

Thu May 16 11:34:58 2024
Command line: TestDisk

TestDisk 7.1, Data Recovery Utility, July 2019
Christophe GRENIER <grenier@cgsecurity.org>
https://www.cgsecurity.org
OS: Linux, kernel 5.15.0-107-generic (#117-Ubuntu SMP Fri Apr 26 12:26:49 UTC 2024) x86_64
Compiler: GCC 11.2
ext2fs lib: 1.46.5, ntfs lib: libntfs-3g, reiserfs lib: none, ewf lib: none, curses lib: ncurses 6.3
User is not root!
Hard disk list


TestDisk exited normally.
Using locale 'en_US.UTF-8'.


Thu May 16 11:34:58 2024
Command line: TestDisk /debug

TestDisk 7.1, Data Recovery Utility, July 2019
Christophe GRENIER <grenier@cgsecurity.org>
https://www.cgsecurity.org
OS: Linux, kernel 5.15.0-107-generic (#117-Ubuntu SMP Fri Apr 26 12:26:49 UTC 2024) x86_64
Compiler: GCC 11.2
ext2fs lib: 1.46.5, ntfs lib: libntfs-3g, reiserfs lib: none, ewf lib: none, curses lib: ncurses 6.3
/dev/sda: LBA, LBA48 support
/dev/sda: size       31457280 sectors
/dev/sda: user_max   31457280 sectors
Warning: can't get size for Disk /dev/mapper/control - 0 B - 0 sectors, sector size=512
/dev/mapper/ubuntu--vg-ubuntu--lv: LBA, LBA48 support
/dev/mapper/ubuntu--vg-ubuntu--lv: size       20971520 sectors
/dev/mapper/ubuntu--vg-ubuntu--lv: user_max   31457280 sectors
/dev/dm-0: LBA, LBA48 support
/dev/dm-0: size       20971520 sectors
/dev/dm-0: user_max   31457280 sectors
Warning: can't get size for Disk /dev/loop6 - 0 B - 0 sectors, sector size=512
Warning: can't get size for Disk /dev/loop7 - 0 B - 0 sectors, sector size=512
Hard disk list
Disk /dev/sda - 16 GB / 15 GiB - CHS 1958 255 63, sector size=512 - VBOX HARDDISK, S/N:VB827a2784-95e9814d, FW:1.0
Disk /dev/mapper/ubuntu--vg-ubuntu--lv - 10 GB / 10 GiB - 20971520 sectors, sector size=512 - VBOX HARDDISK, S/N:VB827a2784-95e9814d, FW:1.0
Disk /dev/dm-0 - 10 GB / 10 GiB - 20971520 sectors, sector size=512 - VBOX HARDDISK, S/N:VB827a2784-95e9814d, FW:1.0
Disk /dev/loop0 - 91 MB / 87 MiB - 178216 sectors (RO), sector size=512
Disk /dev/loop1 - 91 MB / 87 MiB - 178240 sectors (RO), sector size=512
Disk /dev/loop2 - 40 MB / 38 MiB - 79328 sectors (RO), sector size=512
Disk /dev/loop3 - 40 MB / 39 MiB - 80072 sectors (RO), sector size=512
Disk /dev/loop4 - 67 MB / 63 MiB - 130960 sectors (RO), sector size=512
Disk /dev/loop5 - 67 MB / 63 MiB - 130960 sectors (RO), sector size=512

Partition table type (auto): EFI GPT
Disk /dev/sda - 16 GB / 15 GiB - VBOX HARDDISK
Partition table type: Intel

Analyse Disk /dev/sda - 16 GB / 15 GiB - CHS 1958 255 63
Geometry from i386 MBR: head=256 sector=63
check_part_i386 1 type EE: no test
Current partition structure:
 1 P EFI GPT                  0   0  2  1958  31 57   31457279

Warning: Bad ending head (CHS and LBA don't match)
No partition is bootable

search_part()
Disk /dev/sda - 16 GB / 15 GiB - CHS 1958 255 63

recover_EXT2: s_block_group_nr=0/14, s_mnt_count=65/4294967295, s_blocks_per_group=32768, s_inodes_per_group=8192
recover_EXT2: s_blocksize=4096
recover_EXT2: s_blocks_count 458752
recover_EXT2: part_size 3670016
Filesystem created: Mon Mar 25 08:58:49 2024
Last mount time:    Thu May 16 10:23:33 2024
     Linux                    0  65  2   228 179 15    3670016
     ext4 blocksize=4096 Large_file Sparse_SB Recover, 1879 MB / 1792 MiB

LVM2 magic value at 228/179/16
part_size 27781120
     Linux LVM              228 179 16  1957 254 25   27781120
     LVM2, 14 GB / 13 GiB

Results
   * Linux                    0  65  2   228 179 15    3670016
     ext4 blocksize=4096 Large_file Sparse_SB Recover, 1879 MB / 1792 MiB
   P Linux LVM              228 179 16  1957 254 25   27781120
     LVM2, 14 GB / 13 GiB

Hint for advanced users: dmsetup may be used if you prefer to avoid rewriting the partition table for the moment:
echo "0 3670016 linear /dev/sda 4096" | dmsetup create test0
echo "0 27781120 linear /dev/sda 3674112" | dmsetup create test1

interface_write()
 1 * Linux                    0  65  2   228 179 15    3670016
 2 P Linux LVM              228 179 16  1957 254 25   27781120
simulate write!

write_mbr_i386: starting...
write_all_log_i386: starting...
No extended partition

Analyse Disk /dev/sda - 16 GB / 15 GiB - CHS 1958 255 63
Geometry from i386 MBR: head=256 sector=63
check_part_i386 1 type EE: no test
Current partition structure:
 1 P EFI GPT                  0   0  2  1958  31 57   31457279

Warning: Bad ending head (CHS and LBA don't match)
No partition is bootable

search_part()
Disk /dev/sda - 16 GB / 15 GiB - CHS 1958 255 63

recover_EXT2: s_block_group_nr=0/14, s_mnt_count=65/4294967295, s_blocks_per_group=32768, s_inodes_per_group=8192
recover_EXT2: s_blocksize=4096
recover_EXT2: s_blocks_count 458752
recover_EXT2: part_size 3670016
Filesystem created: Mon Mar 25 08:58:49 2024
Last mount time:    Thu May 16 10:23:33 2024
     Linux                    0  65  2   228 179 15    3670016
     ext4 blocksize=4096 Large_file Sparse_SB Recover, 1879 MB / 1792 MiB

LVM2 magic value at 228/179/16
part_size 27781120
     Linux LVM              228 179 16  1957 254 25   27781120
     LVM2, 14 GB / 13 GiB

Results
   * Linux                    0  65  2   228 179 15    3670016
     ext4 blocksize=4096 Large_file Sparse_SB Recover, 1879 MB / 1792 MiB
   P Linux LVM              228 179 16  1957 254 25   27781120
     LVM2, 14 GB / 13 GiB

Hint for advanced users: dmsetup may be used if you prefer to avoid rewriting the partition table for the moment:
echo "0 3670016 linear /dev/sda 4096" | dmsetup create test0
echo "0 27781120 linear /dev/sda 3674112" | dmsetup create test1

interface_write()
 1 * Linux                    0  65  2   228 179 15    3670016
 2 P Linux LVM              228 179 16  1957 254 25   27781120

interface_write()
 1 * Linux                    0  65  2   228 179 15    3670016
 2 P Linux LVM              228 179 16  1957 254 25   27781120
SIGINT detected! TestDisk has been killed.
